// Jest Snapshot v1, https://goo.gl/fbAQLP

exports[`expect to render Card component 1`] = `
"<div className=\\"bg-light-blue tc dib br3 pa3 ma2 grow bw2 shadow-5\\">
  <img src=\\"https://robohash.org/undefined?200x200\\" alt=\\"robo\\" />
  <div>
    <h2 />
    <p />
  </div>
</div>"
`;
