// Jest Snapshot v1, https://goo.gl/fbAQLP

exports[`expect to render CardList component 1`] = `
"<div className=\\"tc\\">
  <Card id={1} name=\\"John Snow\\" email=\\"john@gmail.com\\" />
</div>"
`;
