// Jest Snapshot v1, https://goo.gl/fbAQLP

exports[`expect to render Scroll component 1`] = `"<div className=\\"tc\\" style={{...}} />"`;
